// Jest Snapshot v1, https://goo.gl/fbAQLP

exports[`<Logo /> Should render and match the snapshot 1`] = `
<div
  class="Logo__LogoStyled-sc-1ybrk5o-0 efSUhe"
>
  <img
    alt="company-logo"
    src="IMAGE_MOCK"
  />
</div>
`;
